                              codex — orchestrator                           [?]
────────────────────────────────────────────────────────────────────────────────
3 threads · 1 waiting · 1 working

› ● Both parts present                                                        3m
    web-app · add-dark-mode  cwd: /Users/tony/web-app              [gpt-5-codex]
  ◐ Repo only                                                                45m
    infra-drainer                                                  [gpt-5-codex]
  ○ Neither part present                                                      1d
                                                                   [gpt-5-codex]

› Describe a task and press Enter to launch a thread…  [general-agentic]
Launches detached — closing this window won't stop it.
↑/k ↓/j navigate    enter attach    i compose    r reply    x interrupt    a archive    / filter    ? help    q quit