3 threads · 1 waiting · 1 working

› ● Add dark mode                              web-app · add-dark-mode         3m
    model: gpt-5-codex  cwd: /Users/tony/web-app
  ◐ please refactor the drainer so it retries… infra-drainer · refactor-dr…   45m
  ○                                            web-app · fix-auth-hook         1d

↑/k ↓/j navigate    enter attach    i compose    r reply    x interrupt    a archive    / filter    ? help    q quit